<?xml version="1.0" encoding="UTF-8"?>
<testsuites name="Mocha Tests" time="0.0010" tests="4" failures="0">
  <testsuite name="Root Suite" timestamp="2021-01-07T12:46:02" tests="0" time="0.0000" failures="0">
  </testsuite>
  <testsuite name="Calculator Tests" timestamp="2021-01-07T12:46:02" tests="0" file="/Users/starrier/Starrier/workspace/Starrier/test.js" time="0.0000" failures="0">
  </testsuite>
  <testsuite name="Addition Tests" timestamp="2021-01-07T12:46:02" tests="2" file="/Users/starrier/Starrier/workspace/Starrier/test.js" time="0.0010" failures="0">
    <testcase name="Calculator Tests Addition Tests returns 1 + 1 = 2" time="0.0010" classname="returns 1 + 1 = 2">
    </testcase>
    <testcase name="Calculator Tests Addition Tests returns 1 + -1 = 0" time="0.0000" classname="returns 1 + -1 = 0">
    </testcase>
  </testsuite>
  <testsuite name="Multiplication Tests" timestamp="2021-01-07T12:46:02" tests="2" file="/Users/starrier/Starrier/workspace/Starrier/test.js" time="0.0000" failures="0">
    <testcase name="Calculator Tests Multiplication Tests returns 2 * 2 = 4" time="0.0000" classname="returns 2 * 2 = 4">
    </testcase>
    <testcase name="Calculator Tests Multiplication Tests returns 0 * 4 = 4" time="0.0000" classname="returns 0 * 4 = 4">
    </testcase>
  </testsuite>
</testsuites>